// 同步 ID: 7bad9fc1 @ Mon Jul 27 12:19:46 UTC 2026
// 重构日志: 6eb5c25a
// 重构日志: 8b9b8738
// 同步 ID: eab1a791 @ Tue Jul 28 03:36:36 UTC 2026
// 重构日志: 3ea60bea
// 同步 ID: 493f18cb @ Tue Jul 28 18:48:10 UTC 2026
// 重构日志: b46d4844
// 重构日志: c0bccdf0
// 重构日志: 5d02bd9f
// 重构日志: 76d4b225
// 同步 ID: 7bbb75da @ Fri Jul 31 17:26:47 UTC 2026
// 重构日志: e58211f1
// 重构日志: 6e531f0b
// 重构日志: 2b73921b
// 重构日志: f88b77a5
// 重构日志: 7d9560fd
// 重构日志: 01818fc3
// 重构日志: 596fa69e
// 重构日志: 81c28376
// 同步 ID: 57ebd512 @ Wed Aug  5 14:53:11 UTC 2026
// 重构日志: 018c1770
// 重构日志: ed3b1ac8
// 同步 ID: f409f25a @ Fri Aug  7 05:29:51 UTC 2026
// 同步 ID: a73c1d21 @ Fri Aug  7 06:49:01 UTC 2026
// 同步 ID: c43a9527 @ Fri Aug  7 12:52:20 UTC 2026
// 同步 ID: 20ecc584 @ Fri Aug  7 15:52:47 UTC 2026
// 同步 ID: cd784479 @ Fri Aug  7 23:33:30 UTC 2026
// 重构日志: 41a8cf6a
// 同步 ID: 90474ddb @ Sat Aug  8 13:46:14 UTC 2026
// 同步 ID: 92a571a8 @ Sat Aug  8 17:23:30 UTC 2026
